coller 2
voir
coller 4
coller 2
voir
coller 9
voir
coller 9
coller 2
voir
coller 8
voir
